// Jest Snapshot v1, https://goo.gl/fbAQLP

exports[`matches snapshot 1`] = `
<DocumentFragment>
  <div>
    <h1>
      Logging you out!
    </h1>
    <p>
      Goodbye!
    </p>
  </div>
</DocumentFragment>
`;
